[2026-04-25 21:22:23,594] INFO app.services.afnd_service: AFND cadena=['HDRTEMPCRC'] accepted=False
[2026-04-25 21:22:30,185] INFO app.services.afnd_service: AFND cadena=['HDR', 'CRC'] accepted=True
[2026-04-25 21:22:32,572] INFO app.services.afnd_service: AFND cadena=['HDR', 'TEMP', 'CRC'] accepted=True
[2026-04-25 21:22:36,131] INFO app.services.afnd_service: AFND cadena=['HDR', 'HUM', 'TEMP', 'CRC'] accepted=True
[2026-04-25 21:22:36,844] INFO app.services.afnd_service: AFND cadena=['HDR', 'TEMP'] accepted=False
[2026-04-25 21:22:39,552] INFO app.services.afnd_service: AFND cadena=['HDR', 'HUM', 'TEMP', 'CRC'] accepted=True
[2026-04-25 21:22:40,217] INFO app.services.afnd_service: AFND cadena=['HDR', 'TEMP', 'CRC'] accepted=True
[2026-04-25 21:23:05,008] INFO app.services.afnd_service: AFND cadena=['@bot', 'USER', '?help'] accepted=True
[2026-04-25 21:23:06,441] INFO app.services.afnd_service: AFND cadena=['@bot', 'USER'] accepted=False
[2026-04-25 21:24:41,428] INFO app.services.afnd_service: AFND cadena=['KGGGGAAAFFF'] accepted=False
[2026-04-25 21:24:45,372] INFO app.services.afnd_service: AFND cadena=['K', 'G', 'K', 'A', 'G', 'F'] accepted=True
[2026-04-25 21:29:51,296] INFO app.services.afnd_service: AFND cadena=['HDR', 'TEMP', 'CRC'] accepted=True
[2026-04-25 21:29:52,789] INFO app.services.afnd_service: AFND cadena=['HDR', 'HUM', 'TEMP', 'CRC'] accepted=True
[2026-04-25 21:29:53,570] INFO app.services.afnd_service: AFND cadena=['HDR', 'TEMP'] accepted=False
[2026-04-25 21:29:54,654] INFO app.services.afnd_service: AFND cadena=['HDR', 'TEMP', 'CRC'] accepted=True
[2026-04-25 21:32:18,326] INFO app.services.afnd_service: AFND cadena=['@bot', '?help'] accepted=True
[2026-04-25 21:32:19,493] INFO app.services.afnd_service: AFND cadena=['@bot', 'USER', '?help'] accepted=True
[2026-04-25 21:32:20,216] INFO app.services.afnd_service: AFND cadena=['@bot', 'USER'] accepted=False
[2026-04-25 21:32:21,697] INFO app.services.afnd_service: AFND cadena=['@bot', '!cmd'] accepted=True
[2026-04-25 21:32:22,330] INFO app.services.afnd_service: AFND cadena=['@bot', '?help'] accepted=True
[2026-04-25 21:32:23,158] INFO app.services.afnd_service: AFND cadena=['@bot', 'USER', '!cmd'] accepted=True
[2026-04-25 21:32:24,739] INFO app.services.afnd_service: AFND cadena=['@bot', 'USER'] accepted=False
[2026-04-25 21:32:33,391] INFO app.services.afnd_service: AFND cadena=['@bot', 'USER'] accepted=False
